###############################################################################
#
# IAR ELF Linker V8.30.1.114/W32 for ARM                  19/Nov/2020  08:56:08
# Copyright 2007-2018 IAR Systems AB.
#
#    Output file  =  
#        C:\Users\DANYLIAK\Desktop\SLab\firmware\Release\Exe\shutter.out.tmp
#    Map file     =  
#        C:\Users\DANYLIAK\Desktop\SLab\firmware\Release\List\shutter.map
#    Command line =  
#        -f C:\Users\DANYLIAK\AppData\Local\Temp\EW2F52.tmp
#        (C:\Users\DANYLIAK\Desktop\SLab\firmware\Release\Obj\board.o
#        C:\Users\DANYLIAK\Desktop\SLab\firmware\software\lpc_core\lpc_chip\chip_15xx\iar_output\chip_15xx_lib\Exe\chip_15xx_lib.a
#        C:\Users\DANYLIAK\Desktop\SLab\firmware\Release\Obj\i2c.o
#        C:\Users\DANYLIAK\Desktop\SLab\firmware\Release\Obj\iar_startup_lpc15xx.o
#        C:\Users\DANYLIAK\Desktop\SLab\firmware\Release\Obj\main.o
#        C:\Users\DANYLIAK\Desktop\SLab\firmware\Release\Obj\memory.o
#        C:\Users\DANYLIAK\Desktop\SLab\firmware\Release\Obj\one_wire.o
#        C:\Users\DANYLIAK\Desktop\SLab\firmware\Release\Obj\servo_control.o
#        C:\Users\DANYLIAK\Desktop\SLab\firmware\Release\Obj\shutter.o
#        C:\Users\DANYLIAK\Desktop\SLab\firmware\Release\Obj\spi.o
#        C:\Users\DANYLIAK\Desktop\SLab\firmware\Release\Obj\timers.o
#        --no_out_extension -o
#        C:\Users\DANYLIAK\Desktop\SLab\firmware\Release\Exe\shutter.out.tmp
#        --redirect _Printf=_PrintfFullNoMb --redirect _Scanf=_ScanfFullNoMb
#        --map C:\Users\DANYLIAK\Desktop\SLab\firmware\Release\List\shutter.map
#        --config "C:\Program Files (x86)\IAR Systems\Embedded Workbench
#        8.1\arm\config\linker\NXP\LPC1549.icf" --entry __iar_program_start
#        --inline --vfe --text_out locale)
#
###############################################################################

*******************************************************************************
*** RUNTIME MODEL ATTRIBUTES
***

CppFlavor       = *
__SystemLibrary = DLib
__dlib_version  = 6


*******************************************************************************
*** HEAP SELECTION
***

The basic heap was selected because no calls to memory allocation
functions were found in the application outside of system library
functions, and there are calls to deallocation functions in the
application.


*******************************************************************************
*** PLACEMENT SUMMARY
***

"A0":  place at 0x0 { ro section .intvec };
"P1":  place in [from 0x0 to 0x2fb] |
                [from 0x300 to 0x3'ffff] { ro };
define block CSTACK with size = 4K, alignment = 8 { };
define block HEAP with size = 8K, alignment = 8 { };
"P2":  place in [from 0x200'0000 to 0x200'8fdf] {
          rw, block CSTACK, block HEAP };
initialize by copy { rw };

No sections matched the following patterns:

  section .crp  in "P3"


  Section            Kind        Address    Size  Object
  -------            ----        -------    ----  ------
"A0":                                       0xfc
  .intvec            ro code         0x0    0xfc  iar_startup_lpc15xx.o [1]
                                  - 0xfc    0xfc

"P1", part 1 of 2:                          0x22
  .rodata            const          0xfc     0x0  zero_init3.o [5]
  .rodata            const          0xfc     0x0  packbits_init.o [5]
  Initializer bytes  const          0xfc    0x22  <for P2 s0>
                                 - 0x11e    0x22

"P1", part 2 of 2:                        0x19a4
  .text              ro code       0x300   0x41c  one_wire.o [1]
  .text              ro code       0x71c    0xbc  timers.o [1]
  .text              ro code       0x7d8    0x1a  U32ToDbl.o [4]
  .text              ro code       0x7f2    0x3a  zero_init3.o [5]
  .text              ro code       0x82c   0x1a2  DblMul.o [4]
  .text              ro code       0x9ce     0x2  iar_startup_lpc15xx.o [1]
  .text              ro code       0x9d0    0x68  DblToFlt.o [4]
  .text              ro code       0xa38    0x1c  U32ToFlt.o [4]
  .text              ro code       0xa54    0xd8  FltMul.o [4]
  .text              ro code       0xb2c    0x20  sct_15xx.o [2]
  .text              ro code       0xb4c    0xf4  clock_15xx.o [2]
  .text              ro code       0xc40    0x6c  sysctl_15xx.o [2]
  .text              ro code       0xcac   0x2d4  i2c.o [1]
  .text              ro code       0xf80     0x6  ABImemclr4.o [5]
  .text              ro code       0xf86     0x2  iar_startup_lpc15xx.o [1]
  .text              ro code       0xf88    0xa6  ABImemcpy.o [5]
  .text              ro code      0x102e    0x18  i2c_common_15xx.o [2]
  .text              ro code      0x1046     0x2  iar_startup_lpc15xx.o [1]
  .text              ro code      0x1048    0xd4  shutter.o [1]
  .text              ro code      0x111c    0x68  servo_control.o [1]
  .text              ro code      0x1184   0x2c4  memory.o [1]
  .text              ro code      0x1448    0x4c  strcpy.o [5]
  .text              ro code      0x1494    0x74  i2cs_15xx.o [2]
  .text              ro code      0x1508    0x32  ABImemset48.o [5]
  .text              ro code      0x153a     0x2  iar_startup_lpc15xx.o [1]
  .text              ro code      0x153c    0x84  sct_pwm_15xx.o [2]
  .text              ro code      0x15c0    0x88  spi.o [1]
  .text              ro code      0x1648   0x164  spi_15xx.o [2]
  .text              ro code      0x17ac   0x1a0  board.o [1]
  .text              ro code      0x194c    0x24  iocon_15xx.o [2]
  .text              ro code      0x1970    0x4c  swm_15xx.o [2]
  .text              ro code      0x19bc    0x2a  gpio_15xx.o [2]
  .text              ro code      0x19e8    0x64  sysinit_15xx.o [2]
  .text              ro code      0x1a4c    0x10  chip_15xx.o [2]
  .text              ro code      0x1a5c    0xf4  main.o [1]
  .text              ro code      0x1b50    0x9c  packbits_init.o [5]
  .text              ro code      0x1bec     0x6  abort.o [3]
  .text              ro code      0x1bf4     0xc  XXexit.o [5]
  .text              ro code      0x1c00    0x28  data_init.o [5]
  .iar.init_table    const        0x1c28    0x2c  - Linker created -
  .text              ro code      0x1c54    0x1e  cmain.o [5]
  .text              ro code      0x1c72     0x4  exit.o [3]
  .text              ro code      0x1c78     0xa  cexit.o [5]
  .text              ro code      0x1c82     0xc  cstartup_M.o [5]
  .rodata            const        0x1c90     0x8  board.o [1]
  .text              ro code      0x1c98     0x8  iar_startup_lpc15xx.o [1]
  .text              ro code      0x1ca0     0x4  iar_startup_lpc15xx.o [1]
                                - 0x1ca4  0x19a4

"P2", part 1 of 3:                          0xb6
  P2 s0                       0x200'0000    0xb6  <Init block>
    .data            inited   0x200'0000    0xb4  i2c.o [1]
    .data            inited   0x200'00b4     0x2  main.o [1]
                            - 0x200'00b6    0xb6

"P2", part 2 of 3:                         0x318
  .bss               zero     0x200'00b8   0x218  spi.o [1]
  .bss               zero     0x200'02d0    0x98  i2c.o [1]
  .bss               zero     0x200'0368    0x2c  shutter.o [1]
  .bss               zero     0x200'0394    0x1c  spi.o [1]
  .bss               zero     0x200'03b0    0x10  one_wire.o [1]
  .bss               zero     0x200'03c0     0x4  timers.o [1]
  .bss               zero     0x200'03c4     0x4  chip_15xx.o [2]
  .bss               zero     0x200'03c8     0x3  i2c.o [1]
  .bss               zero     0x200'03cc     0x2  timers.o [1]
                            - 0x200'03ce   0x316

"P2", part 3 of 3:                        0x1000
  CSTACK                      0x200'03d0  0x1000  <Block>
    CSTACK           uninit   0x200'03d0  0x1000  <Block tail>
                            - 0x200'13d0  0x1000

Unused ranges:

        From          To      Size
        ----          --      ----
       0x11e       0x2fb     0x1de
      0x1ca4    0x3'ffff  0x3'e35c
  0x200'00b6  0x200'00b7       0x2
  0x200'13d0  0x200'8fdf    0x7c10


*******************************************************************************
*** INIT TABLE
***

          Address     Size
          -------     ----
Zero (__iar_zero_init3)
    1 destination range, total size 0x316:
          0x200'00b8  0x316

Copy/packbits (__iar_packbits_init3)
    1 source range, total size 0x22 (18% of destination):
                0xfc   0x22
    1 destination range, total size 0xb6:
          0x200'0000   0xb6



*******************************************************************************
*** MODULE SUMMARY
***

    Module                 ro code  ro data  rw data
    ------                 -------  -------  -------
command line/config:
    ------------------------------------------------
    Total:

C:\Users\DANYLIAK\Desktop\SLab\firmware\Release\Obj: [1]
    board.o                    416        8
    i2c.o                      724       33      335
    iar_startup_lpc15xx.o      272
    main.o                     244        1        2
    memory.o                   708
    one_wire.o               1 052                16
    servo_control.o            104
    shutter.o                  212                44
    spi.o                      136               564
    timers.o                   188                 6
    ------------------------------------------------
    Total:                   4 056       42      967

chip_15xx_lib.a: [2]
    chip_15xx.o                 16                 4
    clock_15xx.o               244
    gpio_15xx.o                 42
    i2c_common_15xx.o           24
    i2cs_15xx.o                116
    iocon_15xx.o                36
    sct_15xx.o                  32
    sct_pwm_15xx.o             132
    spi_15xx.o                 356
    swm_15xx.o                  76
    sysctl_15xx.o              108
    sysinit_15xx.o             100
    ------------------------------------------------
    Total:                   1 282                 4

dl7M_tln.a: [3]
    abort.o                      6
    exit.o                       4
    ------------------------------------------------
    Total:                      10

m7M_tl.a: [4]
    DblMul.o                   418
    DblToFlt.o                 104
    FltMul.o                   216
    U32ToDbl.o                  26
    U32ToFlt.o                  28
    ------------------------------------------------
    Total:                     792

rt7M_tl.a: [5]
    ABImemclr4.o                 6
    ABImemcpy.o                166
    ABImemset48.o               50
    XXexit.o                    12
    cexit.o                     10
    cmain.o                     30
    cstartup_M.o                12
    data_init.o                 40
    packbits_init.o            156
    strcpy.o                    76
    zero_init3.o                58
    ------------------------------------------------
    Total:                     616

    Gaps                         6        2        1
    Linker created                       44    4 096
----------------------------------------------------
    Grand Total:             6 762       88    5 068


*******************************************************************************
*** ENTRY LIST
***

Entry                      Address   Size  Type      Object
-----                      -------   ----  ----      ------
.iar.init_table$$Base       0x1c28          --   Gb  - Linker created -
.iar.init_table$$Limit      0x1c54          --   Gb  - Linker created -
?main                       0x1c55         Code  Gb  cmain.o [5]
CSTACK$$Base            0x200'03d0          --   Gb  - Linker created -
CSTACK$$Limit           0x200'13d0          --   Gb  - Linker created -
CheckLimits                 0x10ab   0x1a  Code  Gb  shutter.o [1]
Chip_Clock_EnablePeriphClock
                             0xbe1   0x20  Code  Gb  clock_15xx.o [2]
Chip_Clock_GetMain_A_ClockRate
                             0xb67   0x1a  Code  Gb  clock_15xx.o [2]
Chip_Clock_GetMain_B_ClockRate
                             0xb85   0x46  Code  Gb  clock_15xx.o [2]
Chip_Clock_GetSystemClockRate
                             0xc01   0x1c  Code  Gb  clock_15xx.o [2]
Chip_Clock_SetMainClockSource
                             0xbcb   0x16  Code  Gb  clock_15xx.o [2]
Chip_GPIO_Init              0x19bd   0x2a  Code  Gb  gpio_15xx.o [2]
Chip_I2CS_XferHandler       0x1495   0x74  Code  Gb  i2cs_15xx.o [2]
Chip_I2C_Init               0x102f   0x18  Code  Gb  i2c_common_15xx.o [2]
Chip_IOCON_SetPinMuxing
                            0x194d   0x24  Code  Gb  iocon_15xx.o [2]
Chip_SCTPWM_SetOutPin       0x153d   0x42  Code  Gb  sct_pwm_15xx.o [2]
Chip_SCTPWM_SetRate         0x157f   0x3e  Code  Gb  sct_pwm_15xx.o [2]
Chip_SCT_Init                0xb2d   0x20  Code  Gb  sct_15xx.o [2]
Chip_SPI_CalClkRateDivider
                            0x1683   0x10  Code  Gb  spi_15xx.o [2]
Chip_SPI_DelayConfig        0x16fb   0x38  Code  Gb  spi_15xx.o [2]
Chip_SPI_Init               0x16cd   0x2e  Code  Gb  spi_15xx.o [2]
Chip_SPI_RWFrames_Blocking
                            0x1733   0x72  Code  Gb  spi_15xx.o [2]
Chip_SPI_SetConfig          0x1693   0x3a  Code  Gb  spi_15xx.o [2]
Chip_SWM_FixedPinEnable
                            0x1993   0x22  Code  Gb  swm_15xx.o [2]
Chip_SWM_MovablePinAssign
                            0x1971   0x22  Code  Gb  swm_15xx.o [2]
Chip_SYSCTL_AssertPeriphReset
                             0xc41   0x20  Code  Gb  sysctl_15xx.o [2]
Chip_SYSCTL_DeassertPeriphReset
                             0xc61   0x24  Code  Gb  sysctl_15xx.o [2]
Chip_SYSCTL_PowerDown        0xc85    0x8  Code  Gb  sysctl_15xx.o [2]
Chip_SYSCTL_PowerUp          0xc8d    0x8  Code  Gb  sysctl_15xx.o [2]
Chip_SetupXtalClocking      0x19e9   0x24  Code  Gb  sysinit_15xx.o [2]
EnableServo                 0x114f    0x6  Code  Gb  servo_control.o [1]
I2C0_IRQHandler              0xf29   0x12  Code  Gb  i2c.o [1]
ID                      0x200'0098   0x1c  Data  Gb  i2c.o [1]
InitServoControl            0x111d   0x32  Code  Gb  servo_control.o [1]
InitShutter                 0x1049   0x62  Code  Gb  shutter.o [1]
InitTimer1                   0x71d   0x5c  Code  Gb  timers.o [1]
MasterSpiMessage            0x1619   0x26  Code  Gb  spi.o [1]
OscRateIn                   0x1c90    0x4  Data  Gb  board.o [1]
RTCOscRateIn                0x1c94    0x4  Data  Gb  board.o [1]
ReadData                    0x1243   0x8a  Code  Gb  memory.o [1]
ReadPwm1Position            0x13c9   0x16  Code  Gb  memory.o [1]
ReadPwm2Position            0x13df   0x16  Code  Gb  memory.o [1]
ReadSn                      0x1411   0x20  Code  Gb  memory.o [1]
ReadTimeout                 0x13f5   0x14  Code  Gb  memory.o [1]
Region$$Table$$Base         0x1c28          --   Gb  - Linker created -
Region$$Table$$Limit        0x1c54          --   Gb  - Linker created -
SCT1_IRQHandler              0x779   0x18  Code  Gb  timers.o [1]
SPI_Send_Data               0x1649   0x30  Code  Lc  spi_15xx.o [2]
Sensors                 0x200'03b0   0x10  Data  Gb  one_wire.o [1]
SetMemorySettingsPowerof2
                            0x1185   0x30  Code  Gb  memory.o [1]
SetPosition                 0x10c5   0x4a  Code  Gb  shutter.o [1]
SetServoControlLevel        0x1155   0x16  Code  Gb  servo_control.o [1]
SetupBoard                  0x1897   0x1e  Code  Gb  board.o [1]
SetupGPIO                   0x1855   0x42  Code  Gb  board.o [1]
SetupI2C                     0xcf1   0x54  Code  Gb  i2c.o [1]
SetupPinMux                 0x17ad   0xa8  Code  Gb  board.o [1]
SetupSPI                    0x15c1   0x58  Code  Gb  spi.o [1]
Shutter                 0x200'0368   0x2c  Data  Gb  shutter.o [1]
SysTick_Handler             0x1a5d   0x74  Code  Gb  main.o [1]
SysTick_Handler::counter
                        0x200'00b4    0x2  Data  Lc  main.o [1]
SystemCoreClock         0x200'03c4    0x4  Data  Gb  chip_15xx.o [2]
SystemCoreClockUpdate       0x1a4d    0xc  Code  Gb  chip_15xx.o [2]
WriteData                   0x11b5   0x8e  Code  Gb  memory.o [1]
WritePwm1Position           0x12cd   0x20  Code  Gb  memory.o [1]
WritePwm2Position           0x12ed   0x18  Code  Gb  memory.o [1]
WriteSn                     0x132d   0x9c  Code  Gb  memory.o [1]
WriteTimeout                0x1305   0x16  Code  Gb  memory.o [1]
XferSetup               0x200'0394   0x1c  Data  Lc  spi.o [1]
__Vectors                      0x0          --   Gb  iar_startup_lpc15xx.o [1]
__Vectors_End                 0xfc         Data  Gb  iar_startup_lpc15xx.o [1]
__Vectors_Size {Abs}          0xfc          --   Gb  iar_startup_lpc15xx.o [1]
__aeabi_d2f                  0x9d1         Code  Gb  DblToFlt.o [4]
__aeabi_dmul                 0x82d         Code  Gb  DblMul.o [4]
__aeabi_fmul                 0xa55         Code  Gb  FltMul.o [4]
__aeabi_memclr4              0xf81         Code  Gb  ABImemclr4.o [5]
__aeabi_memcpy               0xf89         Code  Gb  ABImemcpy.o [5]
__aeabi_memcpy4              0xfa9         Code  Gb  ABImemcpy.o [5]
__aeabi_memcpy8              0xfa9         Code  Gb  ABImemcpy.o [5]
__aeabi_ui2d                 0x7d9         Code  Gb  U32ToDbl.o [4]
__aeabi_ui2f                 0xa39         Code  Gb  U32ToFlt.o [4]
__cmain                     0x1c55         Code  Gb  cmain.o [5]
__exit                      0x1bf5         Code  Gb  XXexit.o [5]
__iar_Memset4_word          0x1509         Code  Gb  ABImemset48.o [5]
__iar_Memset8_word          0x1509         Code  Gb  ABImemset48.o [5]
__iar_data_init3            0x1c01   0x28  Code  Gb  data_init.o [5]
__iar_packbits_init3        0x1b51   0x9c  Code  Gb  packbits_init.o [5]
__iar_program_start         0x1c83         Code  Gb  cstartup_M.o [5]
__iar_zero_init3             0x7f3   0x3a  Code  Gb  zero_init3.o [5]
__vector_table                 0x0         Data  Gb  iar_startup_lpc15xx.o [1]
__vector_table_0x1c           0x1c         Data  Gb  iar_startup_lpc15xx.o [1]
_call_main                  0x1c61         Code  Gb  cmain.o [5]
_exit                       0x1c79         Code  Gb  cexit.o [5]
_main                       0x1c6f         Code  Gb  cmain.o [5]
abort                       0x1bed    0x6  Code  Gb  abort.o [3]
check_buffer                 0xd45  0x164  Code  Lc  i2c.o [1]
crc8                         0x301   0x34  Code  Gb  one_wire.o [1]
default_PIN                 0x1940    0xc  Data  Lc  board.o [1]
delay_ms                     0x79d   0x12  Code  Gb  timers.o [1]
delay_us                     0x791    0xc  Code  Gb  timers.o [1]
exit                        0x1c73    0x4  Code  Gb  exit.o [3]
get_temperature              0x51b  0x1ec  Code  Gb  one_wire.o [1]
i2c_buffer              0x200'02d0   0x98  Data  Lc  i2c.o [1]
i2c_input_ptr           0x200'03c8    0x1  Data  Lc  i2c.o [1]
i2c_output_ptr          0x200'03c9    0x1  Data  Lc  i2c.o [1]
i2c_state               0x200'03ca    0x1  Data  Lc  i2c.o [1]
i2csCallBacks                0xf70   0x10  Data  Lc  i2c.o [1]
ioconSetup                  0x18bc   0x78  Data  Lc  board.o [1]
m_rx_buffer             0x200'00b8  0x218  Data  Gb  spi.o [1]
main                        0x1ad1   0x60  Code  Gb  main.o [1]
one_wire_recive_bit          0x399   0x60  Code  Gb  one_wire.o [1]
one_wire_recive_byte         0x4bd   0x20  Code  Gb  one_wire.o [1]
one_wire_reset               0x335   0x64  Code  Gb  one_wire.o [1]
one_wire_transmit_byte       0x405   0xb8  Code  Gb  one_wire.o [1]
prepare_output_buffer        0xcad   0x44  Code  Lc  i2c.o [1]
processSlaveTransferDone
                             0xf0b   0x1e  Code  Lc  i2c.o [1]
processSlaveTransferRecv
                             0xef3   0x18  Code  Lc  i2c.o [1]
processSlaveTransferSend
                             0xecd   0x26  Code  Lc  i2c.o [1]
processSlaveTransferStart
                             0xea9   0x24  Code  Lc  i2c.o [1]
strcpy                      0x1449         Code  Gb  strcpy.o [5]
swmSetup                    0x1934    0xc  Data  Lc  board.o [1]
t_value                 0x200'03c0    0x4  Data  Lc  timers.o [1]
temp_buffer             0x200'0000   0x98  Data  Lc  i2c.o [1]
temperature_timeuot     0x200'03cc    0x2  Data  Gb  timers.o [1]
wait_for_conversion          0x4dd   0x3e  Code  Gb  one_wire.o [1]


[1] = C:\Users\DANYLIAK\Desktop\SLab\firmware\Release\Obj
[2] = chip_15xx_lib.a
[3] = dl7M_tln.a
[4] = m7M_tl.a
[5] = rt7M_tl.a

  6 762 bytes of readonly  code memory
     88 bytes of readonly  data memory
  5 068 bytes of readwrite data memory

Errors: none
Warnings: none
